2026-09-07T09:12:03.118+01:00 INFO  checkout order=ORDER-7811 payment_request_started amount=42.50
2026-09-07T09:12:03.201+01:00 INFO  payment provider=ExamplePay order=ORDER-7811 attempt=1 request_sent
2026-09-07T09:12:03.643+01:00 INFO  payment provider=ExamplePay order=ORDER-7811 attempt=1 response=approved reference=PAY-6A17F923
2026-09-07T09:12:03.648+01:00 INFO  checkout order=ORDER-7811 payment_status=approved

2026-09-07T09:14:27.004+01:00 INFO  checkout order=ORDER-7814 payment_request_started amount=67.00
2026-09-07T09:14:27.081+01:00 INFO  payment provider=ExamplePay order=ORDER-7814 attempt=1 request_sent
2026-09-07T09:14:32.089+01:00 WARN  payment provider=ExamplePay order=ORDER-7814 attempt=1 timeout_after=5s
2026-09-07T09:14:32.091+01:00 INFO  payment provider=ExamplePay order=ORDER-7814 attempt=2 request_sent
2026-09-07T09:14:32.824+01:00 INFO  payment provider=ExamplePay order=ORDER-7814 attempt=2 response=approved reference=PAY-A119C084
2026-09-07T09:14:32.829+01:00 INFO  checkout order=ORDER-7814 payment_status=approved

2026-09-07T09:18:44.501+01:00 INFO  checkout order=ORDER-7820 payment_request_started amount=18.99
2026-09-07T09:18:44.572+01:00 INFO  payment provider=ExamplePay order=ORDER-7820 attempt=1 request_sent
2026-09-07T09:18:45.019+01:00 INFO  payment provider=ExamplePay order=ORDER-7820 attempt=1 response=approved reference=PAY-FA8312D1
2026-09-07T09:18:45.024+01:00 INFO  checkout order=ORDER-7820 payment_status=approved

2026-09-07T09:23:10.227+01:00 INFO  checkout order=ORDER-7827 payment_request_started amount=91.40
2026-09-07T09:23:10.304+01:00 INFO  payment provider=ExamplePay order=ORDER-7827 attempt=1 request_sent
2026-09-07T09:23:15.311+01:00 WARN  payment provider=ExamplePay order=ORDER-7827 attempt=1 timeout_after=5s
2026-09-07T09:23:15.315+01:00 INFO  payment provider=ExamplePay order=ORDER-7827 attempt=2 request_sent
2026-09-07T09:23:20.322+01:00 WARN  payment provider=ExamplePay order=ORDER-7827 attempt=2 timeout_after=5s
2026-09-07T09:23:20.326+01:00 INFO  payment provider=ExamplePay order=ORDER-7827 attempt=3 request_sent
2026-09-07T09:23:21.003+01:00 INFO  payment provider=ExamplePay order=ORDER-7827 attempt=3 response=approved reference=PAY-1C40D8B7
2026-09-07T09:23:21.008+01:00 INFO  checkout order=ORDER-7827 payment_status=approved

2026-09-07T09:29:55.912+01:00 WARN  dependency provider=ExamplePay healthcheck latency_ms=4870 status=degraded
2026-09-07T09:30:25.911+01:00 WARN  dependency provider=ExamplePay healthcheck latency_ms=5210 status=degraded

2026-09-07T09:41:06.118+01:00 INFO  checkout order=ORDER-7843 payment_request_started amount=33.25
2026-09-07T09:41:06.190+01:00 INFO  payment provider=ExamplePay order=ORDER-7843 attempt=1 request_sent
2026-09-07T09:41:11.199+01:00 WARN  payment provider=ExamplePay order=ORDER-7843 attempt=1 timeout_after=5s
2026-09-07T09:41:11.202+01:00 INFO  payment provider=ExamplePay order=ORDER-7843 attempt=2 request_sent
2026-09-07T09:41:11.884+01:00 INFO  payment provider=ExamplePay order=ORDER-7843 attempt=2 response=approved reference=PAY-771C2C64
2026-09-07T09:41:11.890+01:00 INFO  checkout order=ORDER-7843 payment_status=approved

2026-09-07T09:49:18.433+01:00 INFO  checkout order=ORDER-7851 payment_request_started amount=52.10
2026-09-07T09:49:18.510+01:00 INFO  payment provider=ExamplePay order=ORDER-7851 attempt=1 request_sent
2026-09-07T09:49:18.972+01:00 INFO  payment provider=ExamplePay order=ORDER-7851 attempt=1 response=approved reference=PAY-59D61E20
2026-09-07T09:49:18.978+01:00 INFO  checkout order=ORDER-7851 payment_status=approved

2026-09-07T09:56:02.607+01:00 INFO  checkout order=ORDER-7864 payment_request_started amount=74.75
2026-09-07T09:56:02.683+01:00 INFO  payment provider=ExamplePay order=ORDER-7864 attempt=1 request_sent
2026-09-07T09:56:07.692+01:00 WARN  payment provider=ExamplePay order=ORDER-7864 attempt=1 timeout_after=5s
2026-09-07T09:56:07.695+01:00 INFO  payment provider=ExamplePay order=ORDER-7864 attempt=2 request_sent
2026-09-07T09:56:08.442+01:00 INFO  payment provider=ExamplePay order=ORDER-7864 attempt=2 response=approved reference=PAY-D8AB9430
2026-09-07T09:56:08.448+01:00 INFO  checkout order=ORDER-7864 payment_status=approved
